// Jest Snapshot v1, https://goo.gl/fbAQLP

exports[`RequestTable should be as the snapshot 1`] = `
<div
  className="ant-space ant-space-vertical"
  style={Object {}}
>
  <div
    className="ant-space-item"
    style={Object {}}
  >
    <div>
      <div />
    </div>
  </div>
</div>
`;
