// Jest Snapshot v1, https://goo.gl/fbAQLP

exports[`ClinicalInformation Card should be as the snapshot 1`] = `
<div
  data-cy="ClinicalInformation_CollapsePanel"
>
  <div
    className="ant-spin-nested-loading"
  >
    <div
      className="ant-spin-container"
    >
      <div
        className="ant-collapse ant-collapse-icon-position-start ant-collapse-borderless"
        role={null}
      >
        <div
          className="ant-collapse-item ant-collapse-item-active"
        >
          <div
            aria-disabled={false}
            aria-expanded={true}
            className="ant-collapse-header"
            onClick={[Function]}
            onKeyPress={[Function]}
            role="button"
            tabIndex={0}
          >
            <div
              className="ant-collapse-expand-icon"
              onClick={null}
            >
              <span
                aria-label="caret-down"
                className="anticon anticon-caret-down ant-collapse-arrow"
                role="img"
              >
                <svg
                  aria-hidden="true"
                  data-icon="caret-down"
                  fill="currentColor"
                  focusable="false"
                  height="1em"
                  viewBox="0 0 1024 1024"
                  width="1em"
                >
                  <path
                    d="M840.4 300H183.6c-19.7 0-30.7 20.8-18.5 35l328.4 380.8c9.4 10.9 27.5 10.9 37 0L858.9 335c12.2-14.2 1.2-35-18.5-35z"
                  />
                </svg>
              </span>
            </div>
            <span
              className="ant-collapse-header-text"
              onClick={null}
            >
              <h4
                className="ant-typography"
                style={
                  Object {
                    "WebkitLineClamp": undefined,
                  }
                }
              >
                Information clinique Cas-index
              </h4>
            </span>
          </div>
          <div
            className="ant-collapse-content ant-collapse-content-active"
            role={null}
          >
            <div
              className="ant-collapse-content-box"
            />
          </div>
        </div>
      </div>
    </div>
  </div>
</div>
`;
